// Jest Snapshot v1, https://goo.gl/fbAQLP

exports[`should match snapshot 1`] = `
<button
  className="text-xl"
  onClick={[MockFunction]}
>
  Click me
</button>
`;
