// Jest Snapshot v1, https://goo.gl/fbAQLP

exports[`should match snapshot 1`] = `
<input
  className="text-xl"
  id="mocked-id"
  onChange={[MockFunction]}
  placeholder="mocked-placeholder"
  type="text"
  value=""
/>
`;
