// Jest Snapshot v1, https://goo.gl/fbAQLP

exports[`should match snapshot 1`] = `
<img
  alt=""
  className="text-xl"
  src="image-source"
/>
`;
